[21:04:34] [main/INFO]: Loading Minecraft 26.2 with Fabric Loader 0.19.3
[21:04:34] [main/INFO]: Mappings not present!
[21:04:34] [main/INFO]: Loading 57 mods:
	- essential-container 1.0.0
	   \-- essential-loader 1.3.2
	- fabric-api 0.152.1+26.2
	   |-- fabric-api-base 2.0.4+ece063239c
	   |-- fabric-api-lookup-api-v1 2.0.17+11e1c9a39c
	   |-- fabric-biome-api-v1 18.0.6+c7bd5b8e9c
	   |-- fabric-block-api-v1 3.0.3+ec56b6019c
	   |-- fabric-block-getter-api-v2 2.0.7+ec56b6019c
	   |-- fabric-command-api-v2 3.1.0+00cb03469c
	   |-- fabric-content-registries-v0 11.2.2+b7a678a99c
	   |-- fabric-convention-tags-v2 4.6.4+2aae60389c
	   |-- fabric-crash-report-info-v1 1.0.5+086d547a9c
	   |-- fabric-creative-tab-api-v1 5.0.14+d871b99e9c
	   |-- fabric-data-attachment-api-v1 2.2.16+aa0fd6fe9c
	   |-- fabric-data-generation-api-v1 25.4.2+5e56e5409c
	   |-- fabric-debug-api-v1 1.0.2+c792624d9c
	   |-- fabric-dimensions-v1 5.1.9+9cbf5da59c
	   |-- fabric-entity-events-v1 5.0.5+06488ac19c
	   |-- fabric-events-interaction-v0 5.2.6+8f57f7ee9c
	   |-- fabric-game-rule-api-v1 4.0.8+46a6d00c9c
	   |-- fabric-item-api-v1 14.1.6+0ecb053f9c
	   |-- fabric-key-mapping-api-v1 2.0.5+e2bdee789c
	   |-- fabric-lifecycle-events-v1 4.1.3+4575b05f9c
	   |-- fabric-loot-api-v3 3.0.17+06488ac19c
	   |-- fabric-menu-api-v1 2.0.16+086d547a9c
	   |-- fabric-message-api-v1 7.0.7+086d547a9c
	   |-- fabric-model-loading-api-v1 8.0.11+c80601bb9c
	   |-- fabric-networking-api-v1 6.3.3+72073ef09c
	   |-- fabric-object-builder-api-v1 24.0.6+46a6d00c9c
	   |-- fabric-particles-v1 5.0.18+d1756aa99c
	   |-- fabric-permission-api-v1 1.0.2+7c33558a9c
	   |-- fabric-recipe-api-v1 9.0.20+11e1c9a39c
	   |-- fabric-registry-sync-v0 7.1.0+c7bd5b8e9c
	   |-- fabric-renderer-api-v1 14.0.1+eec4cc519c
	   |-- fabric-renderer-indigo 9.0.1+e73ab60d9c
	   |-- fabric-rendering-fluids-v1 6.0.4+06488ac19c
	   |-- fabric-rendering-v1 25.1.6+46a6d00c9c
	   |-- fabric-resource-conditions-api-v1 6.1.0+10e9a28b9c
	   |-- fabric-resource-loader-v0 3.3.20+4fc5413f9c
	   |-- fabric-resource-loader-v1 2.0.13+9edec1269c
	   |-- fabric-screen-api-v1 5.0.3+086d547a9c
	   |-- fabric-serialization-api-v1 2.0.4+11a26f319c
	   |-- fabric-sound-api-v1 2.0.5+11a26f319c
	   |-- fabric-tag-api-v1 2.1.3+794df31d9c
	   |-- fabric-transfer-api-v1 8.0.11+39b5a3929c
	   \-- fabric-transitive-access-wideners-v1 8.1.3+e098252d9c
	- fabricloader 0.19.3
	   \-- mixinextras 0.5.4
	- iris 1.11.1+mc26.2
	   |-- fabric-api-base 2.0.4+ece063239c
	   |-- fabric-key-mapping-api-v1 2.0.5+e2bdee789c
	   |-- io_github_douira_glsl-transformer 3.0.0-pre3
	   |-- org_anarres_jcpp 1.4.14
	   \-- org_antlr_antlr4-runtime 4.13.1
	- java 25
	- minecraft 26.2
	- modmenu 20.0.0-beta.2
	- placeholder-api 3.1.0-beta.1+26.2
	- sodium 0.9.0+mc26.2
	   |-- fabric-api-base 2.0.4+ece063239c
	   |-- fabric-block-getter-api-v2 2.0.7+ec56b6019c
	   |-- fabric-lifecycle-events-v1 4.1.3+4575b05f9c
	   |-- fabric-renderer-api-v1 14.0.1+eec4cc519c
	   |-- fabric-rendering-fluids-v1 6.0.4+06488ac19c
	   |-- fabric-rendering-v1 25.1.6+46a6d00c9c
	   |-- fabric-resource-loader-v0 3.3.20+4fc5413f9c
	   |-- fabric-resource-loader-v1 2.0.13+9edec1269c
	   \-- fabric-transitive-access-wideners-v1 8.1.3+e098252d9c
[21:04:34] [main/INFO]: SpongePowered MIXIN Subsystem Version=0.8.7 Source=file:/C:/Users/TUF/AppData/Roaming/.minecraft/libraries/net/fabricmc/sponge-mixin/0.17.3+mixin.0.8.7/sponge-mixin-0.17.3+mixin.0.8.7.jar Service=Knot/Fabric Env=CLIENT
[21:04:34] [main/INFO]: Compatibility level set to JAVA_25
[21:04:34] [main/WARN]: Reference map 'iris.refmap.json' for mixins.iris.json could not be read. If this is a development environment you can ignore this message
[21:04:34] [main/WARN]: Reference map 'iris-fabric.refmap.json' for mixins.iris.fabric.json could not be read. If this is a development environment you can ignore this message
[21:04:34] [main/WARN]: Reference map 'iris.refmap.json' for mixins.iris.vertexformat.json could not be read. If this is a development environment you can ignore this message
[21:04:34] [main/WARN]: Reference map 'iris.refmap.json' for mixins.iris.bettermipmaps.json could not be read. If this is a development environment you can ignore this message
[21:04:34] [main/WARN]: Reference map 'iris.refmap.json' for mixins.iris.compat.sodium.json could not be read. If this is a development environment you can ignore this message
[21:04:34] [main/WARN]: Reference map 'iris.refmap.json' for mixins.iris.fixes.maxfpscrash.json could not be read. If this is a development environment you can ignore this message
[21:04:34] [main/INFO]: Loaded configuration file for Sodium: 36 options available, 1 override(s) found
[21:04:35] [main/WARN]: Force-disabling mixin 'features.render.world.sky.LevelRendererMixin' as rule 'mixin.features.render.world.sky' (added by mods [iris]) disables it and children
[21:04:37] [main/INFO]: Starting Essential Loader (stage2) version 1.8.0 (fd9925651d7d2a7c4382209f86cf67c6) [stable]
[21:04:37] [main/INFO]: Starting Essential v1.4.1.1 (#31e1806134) [stable]
[21:04:37] [main/INFO]: Java: OpenJDK 64-Bit Server VM (v25.0.1) by Microsoft (Microsoft)
[21:04:37] [main/INFO]: Java Path: C:\Users\TUF\AppData\Local\Packages\Microsoft.4297127D64EC6_8wekyb3d8bbwe\LocalCache\Local\runtime\java-runtime-epsilon\windows-x64\java-runtime-epsilon\bin
[21:04:37] [main/INFO]: Java Info: mixed mode
[21:04:37] [main/INFO]: JVM Arguments: 
  - -Xmx4G
  - -XX:HeapDumpPath=MojangTricksIntelDriversForPerformance_javaw.exe_minecraft.exe.heapdump
  - --sun-misc-unsafe-memory-access=allow
  - --enable-native-access=ALL-UNNAMED
  - -Djava.library.path=C:\Users\TUF\AppData\Roaming\.minecraft\bin\21d689a1c1d57e301ee31c2bf29a806758dab12f/java
  - -Djna.tmpdir=C:\Users\TUF\AppData\Roaming\.minecraft\bin\21d689a1c1d57e301ee31c2bf29a806758dab12f/jna
  - -Dorg.lwjgl.system.SharedLibraryExtractPath=C:\Users\TUF\AppData\Roaming\.minecraft\bin\21d689a1c1d57e301ee31c2bf29a806758dab12f/lwjgl
  - -Dio.netty.native.workdir=C:\Users\TUF\AppData\Roaming\.minecraft\bin\21d689a1c1d57e301ee31c2bf29a806758dab12f/netty
  - -Dminecraft.launcher.brand=Minecraft Direct
  - -Dminecraft.launcher.version=1.0
[21:04:37] [main/INFO]: OS: Windows 11 (v10.0) (Arch: amd64)
[21:04:38] [main/INFO]: Searching for graphics cards...
[21:04:38] [main/INFO]: Found graphics adapter: AdapterInfo{vendor=NVIDIA, description='NVIDIA GeForce RTX 4050 Laptop GPU', adapterType=0x00002313, openglIcdFilePath='C:\Windows\System32\DriverStore\FileRepository\nvami.inf_amd64_46b14a8ba26be7f7\nvoglv64.dll', openglIcdVersion=32.0.16.1088}
[21:04:38] [main/INFO]: Found graphics adapter: AdapterInfo{vendor=AMD, description='AMD Radeon 740M Graphics', adapterType=0x0000232B, openglIcdFilePath='C:\Windows\System32\DriverStore\FileRepository\u0415791.inf_amd64_84aacc305d53dc20\B415716\atig6pxx.dll', openglIcdVersion=32.0.13058.2}
[21:04:38] [main/WARN]: Sodium has applied one or more workarounds to prevent crashes or other issues on your system: [NVIDIA_THREADED_OPTIMIZATIONS_BROKEN, AMD_GAME_OPTIMIZATION_BROKEN]
[21:04:38] [main/WARN]: This is not necessarily an issue, but it may result in certain features or optimizations being disabled. You can sometimes fix these issues by upgrading your graphics driver.
[21:04:39] [main/INFO]: Initializing MixinExtras via com.llamalad7.mixinextras.service.MixinExtrasServiceImpl(version=0.5.4).
[21:04:40] [Datafixer Bootstrap #0/INFO]: 295 Datafixer optimizations took 527 milliseconds
[21:04:47] [Render thread/INFO]: Environment: Environment[sessionHost=https://sessionserver.mojang.com, servicesHost=https://api.minecraftservices.com, profilesHost=https://api.mojang.com, name=PROD]
[21:04:47] [Render thread/INFO]: Setting user: TricQ
[21:04:48] [Render thread/INFO]: Starting DI!
[21:04:48] [Render thread/INFO]: Authenticating to Mojang as TricQ (2a1b7c7f-36ce-4e4b-9bda-5464ed2e7c9b)
[21:04:48] [Download-2/ERROR]: Failed to fetch user properties
com.mojang.authlib.exceptions.InvalidCredentialsException: Status: 401
	at knot//com.mojang.authlib.exceptions.MinecraftClientHttpException.toAuthenticationException(MinecraftClientHttpException.java:70)
	at knot//com.mojang.authlib.yggdrasil.YggdrasilUserApiService.fetchProperties(YggdrasilUserApiService.java:173)
	at knot//net.minecraft.client.Minecraft.lambda$new$1(Minecraft.java:438)
	at java.base/java.util.concurrent.CompletableFuture$AsyncSupply.run(CompletableFuture.java:1789)
	at java.base/java.util.concurrent.ThreadPoolExecutor.runWorker(ThreadPoolExecutor.java:1090)
	at java.base/java.util.concurrent.ThreadPoolExecutor$Worker.run(ThreadPoolExecutor.java:614)
	at java.base/java.lang.Thread.run(Thread.java:1474)
Caused by: MinecraftClientHttpException[type=HTTP_ERROR, status=401, response=ErrorResponse[path=/player/attributes, error=null, errorMessage=null, details=null]]
	at knot//com.mojang.authlib.minecraft.client.MinecraftClient.buildHttpException(MinecraftClient.java:170)
	at knot//com.mojang.authlib.minecraft.client.MinecraftClient.readServiceResponse(MinecraftClient.java:147)
	at knot//com.mojang.authlib.minecraft.client.MinecraftClient.getWithEtag(MinecraftClient.java:81)
	at knot//com.mojang.authlib.minecraft.client.MinecraftClient.get(MinecraftClient.java:65)
	at knot//com.mojang.authlib.yggdrasil.YggdrasilUserApiService.fetchProperties(YggdrasilUserApiService.java:123)
	... 5 more
[21:04:49] [Render thread/INFO]: [Indigo] Different rendering plugin detected; not applying Indigo.
[21:04:49] [Render thread/INFO]: Checking mod updates...
[21:04:49] [Render thread/INFO]: OptiFine not detected.
[21:04:49] [Render thread/INFO]: Backend library: LWJGL version 3.4.1-snapshot
[21:04:49] [Render thread/INFO]: Modifying process environment to apply workarounds for the NVIDIA graphics driver...
[21:04:50] [DefaultDispatcher-worker-3/INFO]: Session token appears to be invalid, trying to automatically refresh it
[21:04:50] [Download-2/INFO]: Update available for 'iris@1.11.1+mc26.2', (-> 1.11.2+26.2-fabric)
[21:04:50] [Download-2/INFO]: Update available for 'sodium@0.9.0+mc26.2', (-> mc26.2-0.9.1-fabric)
[21:04:50] [Download-2/INFO]: Update available for 'essential-container@1.0.0', (-> 1.4.1.1)
[21:04:50] [Download-2/INFO]: Update available for 'fabric-api@0.152.1+26.2', (-> 0.156.0+26.2)
[21:04:50] [Download-2/INFO]: Update available for 'modmenu@20.0.0-beta.2', (-> 20.0.1)
[21:04:52] [ForkJoinPool.commonPool-worker-5/WARN]: [Iris Update Check] This version doesn't have an update index, skipping.
[21:04:53] [Render thread/INFO]: Debug functionality is disabled.
[21:04:53] [Render thread/INFO]: ARB_direct_state_access detected, enabling DSA.
[21:04:53] [Render thread/INFO]: Shaders are disabled because enableShaders is set to false in iris.properties
[21:04:53] [Render thread/INFO]: Using graphics backend OpenGL, using drivers: 3.3.0 NVIDIA 610.88
[21:04:53] [Render thread/INFO]: Using graphics device: NVIDIA GeForce RTX 4050 Laptop GPU/PCIe/SSE2 (NVIDIA Corporation)
[21:04:53] [Render thread/INFO]: Using graphics device extensions: GL_ARB_multi_draw_indirect, GL_ARB_buffer_storage, GL_ARB_shader_draw_parameters, GL_ARB_base_instance, GL_KHR_debug, GL_ARB_draw_indirect, GL_ARB_clip_control, GL_ARB_vertex_attrib_binding, GL_ARB_direct_state_access, GL_EXT_texture_filter_anisotropic
[21:04:53] [Render thread/ERROR]: Failed to refresh session: Unknown account
gg.essential.gui.menu.AccountManager$UnknownAccountException: Unknown account
	at knot//gg.essential.gui.menu.AccountManager$Companion.refreshSession(AccountManager.kt:184)
	at knot//gg.essential.gui.menu.AccountManager$Companion.refreshCurrentSession(AccountManager.kt:141)
	at knot//gg.essential.network.connectionmanager.ConnectionManagerKt$connectLoop$error$2.invokeSuspend(ConnectionManagerKt.kt:184)
	at knot//kotlin.coroutines.jvm.internal.BaseContinuationImpl.resumeWith(ContinuationImpl.kt:34)
	at knot//kotlinx.coroutines.DispatchedTask.run(DispatchedTask.kt:100)
	at knot//gg.essential.util.TargetThreadExecutor.run(TargetThreadExecutor.kt:38)
	at knot//net.minecraft.client.Minecraft.handler$bog000$runEssentialExecutorDuringInit(Minecraft.java:9694)
	at knot//net.minecraft.client.Minecraft.<init>(Minecraft.java:594)
	at knot//net.minecraft.client.main.Main.main(Main.java:278)
	at net.fabricmc.loader.impl.game.minecraft.MinecraftGameProvider.launch(MinecraftGameProvider.java:514)
	at net.fabricmc.loader.impl.launch.knot.Knot.launch(Knot.java:72)
	at net.fabricmc.loader.impl.launch.knot.KnotClient.main(KnotClient.java:23)
[21:04:53] [Render thread/WARN]: User's Minecraft access token has expired, waiting for new user-supplied token.
[21:04:53] [Render thread/INFO]: Hardware information:
[21:04:53] [Render thread/INFO]: CPU: 12x AMD Ryzen 7 7445HS w/ Radeon 740M Graphics 
[21:04:53] [Render thread/INFO]: GPU: NVIDIA GeForce RTX 4050 Laptop GPU/PCIe/SSE2 (Supports OpenGL 3.3.0 NVIDIA 610.88)
[21:04:53] [Render thread/INFO]: OS: Windows 11 (10.0)
[21:04:54] [Render thread/INFO]: Reloading ResourceManager: vanilla, essential, essential-container, essential-loader, fabric-api, fabric-api-base, fabric-api-lookup-api-v1, fabric-biome-api-v1, fabric-block-api-v1, fabric-block-getter-api-v2, fabric-command-api-v2, fabric-content-registries-v0, fabric-convention-tags-v2, fabric-crash-report-info-v1, fabric-creative-tab-api-v1, fabric-data-attachment-api-v1, fabric-data-generation-api-v1, fabric-debug-api-v1, fabric-dimensions-v1, fabric-entity-events-v1, fabric-events-interaction-v0, fabric-game-rule-api-v1, fabric-item-api-v1, fabric-key-mapping-api-v1, fabric-language-kotlin, fabric-lifecycle-events-v1, fabric-loot-api-v3, fabric-menu-api-v1, fabric-message-api-v1, fabric-model-loading-api-v1, fabric-networking-api-v1, fabric-object-builder-api-v1, fabric-particles-v1, fabric-permission-api-v1, fabric-recipe-api-v1, fabric-registry-sync-v0, fabric-renderer-api-v1, fabric-renderer-indigo, fabric-rendering-fluids-v1, fabric-rendering-v1, fabric-resource-conditions-api-v1, fabric-resource-loader-v0, fabric-resource-loader-v1, fabric-screen-api-v1, fabric-serialization-api-v1, fabric-sound-api-v1, fabric-tag-api-v1, fabric-transfer-api-v1, fabric-transitive-access-wideners-v1, fabricloader, iris, modmenu, placeholder-api, sodium, file/Better-Leaves-9.5.zip, Essential Assets, essential
[21:04:54] [Download-2/INFO]: Could not authorize you against Realms server: java.lang.RuntimeException: Failed to parse into SignedJWT: 0
[21:04:54] [Download-2/ERROR]: Failed to fetch Realms feature flags
com.mojang.realmsclient.exception.RealmsServiceException: Realms authentication error with message 'java.lang.RuntimeException: Failed to parse into SignedJWT: 0'
	at knot//com.mojang.realmsclient.client.RealmsClient.execute(RealmsClient.java:528)
	at knot//com.mojang.realmsclient.client.RealmsClient.fetchFeatureFlags(RealmsClient.java:187)
	at java.base/java.util.concurrent.CompletableFuture$AsyncSupply.run(CompletableFuture.java:1789)
	at java.base/java.util.concurrent.ThreadPoolExecutor.runWorker(ThreadPoolExecutor.java:1090)
	at java.base/java.util.concurrent.ThreadPoolExecutor$Worker.run(ThreadPoolExecutor.java:614)
	at java.base/java.lang.Thread.run(Thread.java:1474)
[21:04:54] [Worker-Main-7/INFO]: Found unifont_all_no_pua-17.0.01.hex, loading
[21:04:54] [Worker-Main-6/INFO]: Found unifont_pua-17.0.01.hex, loading
[21:04:55] [Render thread/INFO]: Thread[#3,Render thread,10,main]
[21:04:55] [Render thread/INFO]: OpenGL Vendor: NVIDIA Corporation
[21:04:55] [Render thread/INFO]: OpenGL Renderer: NVIDIA GeForce RTX 4050 Laptop GPU/PCIe/SSE2
[21:04:55] [Render thread/INFO]: OpenGL Version: 3.3.0 NVIDIA 610.88
[21:04:55] [Render thread/INFO]: Modifying OpenGL context to apply workarounds for the NVIDIA graphics driver...
[21:04:55] [Render thread/INFO]: Enabling GL_DEBUG_OUTPUT_SYNCHRONOUS to force the NVIDIA driver to disable threaded command submission
[21:04:55] [Worker-Main-3/INFO]: Found unifont_jp_patch-17.0.01.hex, loading
[21:04:56] [Render thread/INFO]: OpenAL initialized on device OpenAL Soft on Headphones (NeraBar BS160)
[21:04:56] [Render thread/INFO]: Sound engine started
[21:04:56] [Render thread/INFO]: Created: 512x256x0 minecraft:textures/atlas/particles.png-atlas
[21:04:56] [Render thread/INFO]: Created: 128x128x0 minecraft:textures/atlas/decorated_pot.png-atlas
[21:04:56] [Render thread/INFO]: Created: 2048x1024x0 minecraft:textures/atlas/armor_trims.png-atlas
[21:04:56] [Render thread/INFO]: Created: 512x256x0 minecraft:textures/atlas/paintings.png-atlas
[21:04:56] [Render thread/INFO]: Created: 1024x512x0 minecraft:textures/atlas/shield_patterns.png-atlas
[21:04:56] [Render thread/INFO]: Created: 2048x1024x0 minecraft:textures/atlas/blocks.png-atlas
[21:04:56] [Render thread/INFO]: Created: 512x512x0 minecraft:textures/atlas/chest.png-atlas
[21:04:56] [Render thread/INFO]: Created: 256x128x0 minecraft:textures/atlas/celestials.png-atlas
[21:04:56] [Render thread/INFO]: Created: 1024x512x0 minecraft:textures/atlas/banner_patterns.png-atlas
[21:04:56] [Render thread/INFO]: Created: 1024x512x0 minecraft:textures/atlas/items.png-atlas
[21:04:56] [Render thread/INFO]: Created: 1024x1024x0 minecraft:textures/atlas/gui.png-atlas
[21:04:56] [Render thread/INFO]: Created: 128x64x0 minecraft:textures/atlas/map_decorations.png-atlas
[21:04:56] [Render thread/INFO]: Created: 512x512x0 minecraft:textures/atlas/shulker_boxes.png-atlas
[21:04:57] [Render thread/INFO]: Creating pipeline for dimension minecraft:overworld
[21:04:57] [Download-2/INFO]: Could not authorize you against Realms server: java.lang.RuntimeException: Failed to parse into SignedJWT: 0
[21:04:57] [Download-2/ERROR]: Couldn't connect to realms
com.mojang.realmsclient.exception.RealmsServiceException: Realms authentication error with message 'java.lang.RuntimeException: Failed to parse into SignedJWT: 0'
	at knot//com.mojang.realmsclient.client.RealmsClient.execute(RealmsClient.java:528)
	at knot//com.mojang.realmsclient.client.RealmsClient.clientCompatible(RealmsClient.java:308)
	at knot//com.mojang.realmsclient.RealmsAvailability.lambda$check$0(RealmsAvailability.java:48)
	at java.base/java.util.concurrent.CompletableFuture$AsyncSupply.run(CompletableFuture.java:1789)
	at java.base/java.util.concurrent.ThreadPoolExecutor.runWorker(ThreadPoolExecutor.java:1090)
	at java.base/java.util.concurrent.ThreadPoolExecutor$Worker.run(ThreadPoolExecutor.java:614)
	at java.base/java.lang.Thread.run(Thread.java:1474)
[21:04:58] [Render thread/WARN]: Found fine program match for minecraft:pipeline/entity_translucent: ENTITIES_TRANSLUCENT
[21:04:58] [Render thread/WARN]: Found okay program match for minecraft:pipeline/translucent_particle: PARTICLES_TRANS
[21:04:58] [Render thread/INFO]: Resizing Dynamic Transforms UBO, capacity limit of 2 reached during a single frame. New capacity will be 4.
[21:04:58] [Render thread/ERROR]: Unknown authentication exception
gg.essential.gui.menu.AccountManager$UnknownAccountException: Unknown account
	at knot//gg.essential.gui.menu.AccountManager$Companion.refreshSession(AccountManager.kt:184)
	at knot//gg.essential.gui.menu.AccountManager$Companion.refreshCurrentSession(AccountManager.kt:141)
	at knot//gg.essential.network.connectionmanager.ConnectionManagerKt$connectLoop$error$2.invokeSuspend(ConnectionManagerKt.kt:184)
	at knot//kotlin.coroutines.jvm.internal.BaseContinuationImpl.resumeWith(ContinuationImpl.kt:34)
	at knot//kotlinx.coroutines.DispatchedTask.run(DispatchedTask.kt:100)
	at knot//gg.essential.util.TargetThreadExecutor.run(TargetThreadExecutor.kt:38)
	at knot//net.minecraft.client.Minecraft.handler$bog000$runEssentialExecutorDuringInit(Minecraft.java:9694)
	at knot//net.minecraft.client.Minecraft.<init>(Minecraft.java:594)
	at knot//net.minecraft.client.main.Main.main(Main.java:278)
	at net.fabricmc.loader.impl.game.minecraft.MinecraftGameProvider.launch(MinecraftGameProvider.java:514)
	at net.fabricmc.loader.impl.launch.knot.Knot.launch(Knot.java:72)
	at net.fabricmc.loader.impl.launch.knot.KnotClient.main(KnotClient.java:23)
[21:04:58] [Render thread/INFO]: Resizing Dynamic Transforms UBO, capacity limit of 4 reached during a single frame. New capacity will be 8.
[21:05:19] [Render thread/ERROR]: Unknown authentication exception
gg.essential.gui.menu.AccountManager$UnknownAccountException: Unknown account
	at knot//gg.essential.gui.menu.AccountManager$Companion.refreshSession(AccountManager.kt:184)
	at knot//gg.essential.gui.menu.AccountManager$Companion.refreshCurrentSession(AccountManager.kt:141)
	at knot//gg.essential.network.connectionmanager.ConnectionManagerKt$connectLoop$error$2.invokeSuspend(ConnectionManagerKt.kt:184)
	at knot//kotlin.coroutines.jvm.internal.BaseContinuationImpl.resumeWith(ContinuationImpl.kt:34)
	at knot//kotlinx.coroutines.DispatchedTask.run(DispatchedTask.kt:100)
	at knot//gg.essential.util.TargetThreadExecutor.run(TargetThreadExecutor.kt:38)
	at knot//net.minecraft.client.Minecraft.handler$bog000$runEssentialExecutorDuringInit(Minecraft.java:9694)
	at knot//net.minecraft.client.Minecraft.<init>(Minecraft.java:594)
	at knot//net.minecraft.client.main.Main.main(Main.java:278)
	at net.fabricmc.loader.impl.game.minecraft.MinecraftGameProvider.launch(MinecraftGameProvider.java:514)
	at net.fabricmc.loader.impl.launch.knot.Knot.launch(Knot.java:72)
	at net.fabricmc.loader.impl.launch.knot.KnotClient.main(KnotClient.java:23)
[21:05:26] [Render thread/INFO]: Loaded 1585 recipes
[21:05:26] [Render thread/INFO]: Loaded 1688 advancements
[21:05:27] [Render thread/INFO]: Applied 0 biome modifications to 0 of 66 new biomes in 1.174 ms
[21:05:27] [Server thread/INFO]: Starting integrated minecraft server version 26.2
[21:05:27] [Server thread/INFO]: Generating keypair
[21:05:27] [Server thread/INFO]: Loading 0 persistent chunks...
[21:05:27] [Server thread/INFO]: Preparing spawn area: 16%
[21:05:27] [Server thread/INFO]: Saving chunks for level 'ServerLevel[MineWorld]'/minecraft:overworld
[21:05:27] [Server thread/INFO]: Saving chunks for level 'ServerLevel[MineWorld]'/minecraft:the_nether
[21:05:27] [Server thread/INFO]: Saving chunks for level 'ServerLevel[MineWorld]'/minecraft:the_end
[21:05:27] [Server thread/INFO]: ThreadedAnvilChunkStorage (world): All chunks are saved
[21:05:27] [Server thread/INFO]: ThreadedAnvilChunkStorage (DIM-1): All chunks are saved
[21:05:27] [Server thread/INFO]: ThreadedAnvilChunkStorage (DIM1): All chunks are saved
[21:05:27] [Server thread/INFO]: ThreadedAnvilChunkStorage: All dimensions are saved
[21:05:28] [Server thread/INFO]: Loading 49 chunks for player spawn...
[21:05:28] [Server thread/INFO]: Preparing spawn area: 16%
[21:05:28] [Server thread/INFO]: Preparing spawn area: 16%
[21:05:28] [Server thread/INFO]: Time elapsed: 1187 ms
[21:05:28] [Server thread/INFO]: TricQ[local:E:7c50137e] logged in with entity id 95 at (-13.391680904987156, 71.5625, 22.300497845648323)
[21:05:28] [Server thread/INFO]: TricQ joined the game
[21:05:29] [Server thread/INFO]: Changing simulation distance to 5, from 0
[21:05:29] [Render thread/INFO]: Started 6 worker threads
[21:05:29] [Render thread/INFO]: Loaded 721 advancements
[21:05:29] [Render thread/INFO]: Stopping worker threads
[21:05:29] [Render thread/INFO]: Started 6 worker threads
[21:05:29] [Render thread/INFO]: Resizing Dynamic Transforms UBO, capacity limit of 8 reached during a single frame. New capacity will be 16.
[21:05:29] [Download-2/ERROR]: Failed to retrieve profile key pair
MinecraftClientHttpException[type=HTTP_ERROR, status=401, response=ErrorResponse[path=/player/certificates, error=null, errorMessage=null, details=null]]
	at knot//com.mojang.authlib.minecraft.client.MinecraftClient.buildHttpException(MinecraftClient.java:170)
	at knot//com.mojang.authlib.minecraft.client.MinecraftClient.readServiceResponse(MinecraftClient.java:147)
	at knot//com.mojang.authlib.minecraft.client.MinecraftClient.post(MinecraftClient.java:89)
	at knot//com.mojang.authlib.yggdrasil.YggdrasilUserApiService.getKeyPair(YggdrasilUserApiService.java:62)
	at knot//net.minecraft.client.multiplayer.AccountProfileKeyPairManager.fetchProfileKeyPair(AccountProfileKeyPairManager.java:128)
	at knot//net.minecraft.client.multiplayer.AccountProfileKeyPairManager.lambda$readOrFetchProfileKeyPair$0(AccountProfileKeyPairManager.java:77)
	at java.base/java.util.concurrent.CompletableFuture$AsyncSupply.run(CompletableFuture.java:1789)
	at java.base/java.util.concurrent.ThreadPoolExecutor.runWorker(ThreadPoolExecutor.java:1090)
	at java.base/java.util.concurrent.ThreadPoolExecutor$Worker.run(ThreadPoolExecutor.java:614)
	at java.base/java.lang.Thread.run(Thread.java:1474)
[21:05:30] [Render thread/INFO]: Resizing Dynamic Transforms UBO, capacity limit of 16 reached during a single frame. New capacity will be 32.
[21:05:30] [Server thread/INFO]: Saving and pausing game...
[21:05:30] [Server thread/INFO]: Saving chunks for level 'ServerLevel[MineWorld]'/minecraft:overworld
[21:05:30] [Server thread/INFO]: Saving chunks for level 'ServerLevel[MineWorld]'/minecraft:the_nether
[21:05:30] [Server thread/INFO]: Saving chunks for level 'ServerLevel[MineWorld]'/minecraft:the_end
[21:05:41] [Server thread/INFO]: Saving and pausing game...
[21:05:41] [Server thread/INFO]: Saving chunks for level 'ServerLevel[MineWorld]'/minecraft:overworld
[21:05:41] [Server thread/INFO]: Saving chunks for level 'ServerLevel[MineWorld]'/minecraft:the_nether
[21:05:41] [Server thread/INFO]: Saving chunks for level 'ServerLevel[MineWorld]'/minecraft:the_end
[21:06:00] [Server thread/INFO]: Saving and pausing game...
[21:06:00] [Server thread/INFO]: Saving chunks for level 'ServerLevel[MineWorld]'/minecraft:overworld
[21:06:00] [Server thread/INFO]: Saving chunks for level 'ServerLevel[MineWorld]'/minecraft:the_nether
[21:06:00] [Server thread/INFO]: Saving chunks for level 'ServerLevel[MineWorld]'/minecraft:the_end
[21:06:13] [Server thread/INFO]: Stopping server
[21:06:13] [Server thread/INFO]: Saving players
[21:06:13] [Server thread/INFO]: TricQ lost connection: Disconnected
[21:06:13] [Server thread/INFO]: TricQ left the game
[21:06:13] [Server thread/INFO]: Stopping singleplayer server as player logged out
[21:06:13] [Server thread/INFO]: Saving worlds
[21:06:13] [Server thread/INFO]: Saving chunks for level 'ServerLevel[MineWorld]'/minecraft:overworld
[21:06:13] [Server thread/INFO]: Saving chunks for level 'ServerLevel[MineWorld]'/minecraft:the_nether
[21:06:13] [Server thread/INFO]: Saving chunks for level 'ServerLevel[MineWorld]'/minecraft:the_end
[21:06:13] [Server thread/INFO]: ThreadedAnvilChunkStorage (world): All chunks are saved
[21:06:13] [Server thread/INFO]: ThreadedAnvilChunkStorage (DIM-1): All chunks are saved
[21:06:13] [Server thread/INFO]: ThreadedAnvilChunkStorage (DIM1): All chunks are saved
[21:06:13] [Server thread/INFO]: ThreadedAnvilChunkStorage: All dimensions are saved
[21:06:13] [Render thread/INFO]: Stopping worker threads
[21:09:59] [Render thread/INFO]: Loaded 1585 recipes
[21:09:59] [Render thread/INFO]: Loaded 1688 advancements
[21:09:59] [Render thread/INFO]: Applied 0 biome modifications to 0 of 66 new biomes in 671.8 μs
[21:09:59] [Server thread/INFO]: Starting integrated minecraft server version 26.2
[21:09:59] [Server thread/INFO]: Generating keypair
[21:09:59] [Server thread/INFO]: Loading 0 persistent chunks...
[21:09:59] [Server thread/INFO]: Preparing spawn area: 16%
[21:09:59] [Server thread/INFO]: Saving chunks for level 'ServerLevel[MineWorld]'/minecraft:overworld
[21:10:00] [Server thread/INFO]: Saving chunks for level 'ServerLevel[MineWorld]'/minecraft:the_nether
[21:10:00] [Server thread/INFO]: Saving chunks for level 'ServerLevel[MineWorld]'/minecraft:the_end
[21:10:00] [Server thread/INFO]: ThreadedAnvilChunkStorage (world): All chunks are saved
[21:10:00] [Server thread/INFO]: ThreadedAnvilChunkStorage (DIM-1): All chunks are saved
[21:10:00] [Server thread/INFO]: ThreadedAnvilChunkStorage (DIM1): All chunks are saved
[21:10:00] [Server thread/INFO]: ThreadedAnvilChunkStorage: All dimensions are saved
[21:10:00] [Server thread/INFO]: Loading 49 chunks for player spawn...
[21:10:00] [Server thread/INFO]: Preparing spawn area: 16%
[21:10:00] [Server thread/INFO]: Preparing spawn area: 66%
[21:10:01] [Server thread/INFO]: Time elapsed: 1184 ms
[21:10:01] [Server thread/INFO]: TricQ[local:E:29d71658] logged in with entity id 555 at (74.67817564522969, 69.0, 16.274960100540866)
[21:10:01] [Server thread/INFO]: TricQ joined the game
[21:10:01] [Render thread/INFO]: Started 6 worker threads
[21:10:01] [Render thread/INFO]: Stopping worker threads
[21:10:01] [Render thread/INFO]: Started 6 worker threads
[21:10:01] [Server thread/INFO]: Changing simulation distance to 5, from 0
[21:10:01] [Render thread/INFO]: Loaded 721 advancements
[21:10:02] [Download-6/ERROR]: Failed to retrieve profile key pair
MinecraftClientHttpException[type=HTTP_ERROR, status=401, response=ErrorResponse[path=/player/certificates, error=null, errorMessage=null, details=null]]
	at knot//com.mojang.authlib.minecraft.client.MinecraftClient.buildHttpException(MinecraftClient.java:170)
	at knot//com.mojang.authlib.minecraft.client.MinecraftClient.readServiceResponse(MinecraftClient.java:147)
	at knot//com.mojang.authlib.minecraft.client.MinecraftClient.post(MinecraftClient.java:89)
	at knot//com.mojang.authlib.yggdrasil.YggdrasilUserApiService.getKeyPair(YggdrasilUserApiService.java:62)
	at knot//net.minecraft.client.multiplayer.AccountProfileKeyPairManager.fetchProfileKeyPair(AccountProfileKeyPairManager.java:128)
	at knot//net.minecraft.client.multiplayer.AccountProfileKeyPairManager.lambda$readOrFetchProfileKeyPair$0(AccountProfileKeyPairManager.java:77)
	at java.base/java.util.concurrent.CompletableFuture$AsyncSupply.run(CompletableFuture.java:1789)
	at java.base/java.util.concurrent.ThreadPoolExecutor.runWorker(ThreadPoolExecutor.java:1090)
	at java.base/java.util.concurrent.ThreadPoolExecutor$Worker.run(ThreadPoolExecutor.java:614)
	at java.base/java.lang.Thread.run(Thread.java:1474)
[21:10:07] [Render thread/INFO]: Destroying pipeline minecraft:overworld
[21:10:08] [Render thread/INFO]: Profile: Custom (+22 options changed by user)
[21:10:08] [Render thread/INFO]: Using shaderpack: ComplementaryUnbound_r5.8.1.zip
[21:10:08] [Render thread/INFO]: Creating pipeline for dimension minecraft:overworld
[21:10:11] [Render thread/INFO]: [System] [CHAT] Toggled shaders to ComplementaryUnbound_r5.8.1.zip!
[21:10:11] [Render thread/INFO]: Stopping worker threads
[21:10:11] [Render thread/INFO]: Started 6 worker threads
[21:10:11] [Render thread/WARN]: Error while parsing the block ID map entry for "block.10104":
[21:10:11] [Render thread/WARN]: - The block minecraft:stone_slab has no property with the name variant, ignoring!
[21:10:12] [Render thread/INFO]: Stopping worker threads
[21:10:12] [Render thread/INFO]: Started 6 worker threads
[21:10:12] [Render thread/INFO]: Resizing Dynamic Transforms UBO, capacity limit of 32 reached during a single frame. New capacity will be 64.
[21:10:18] [Server thread/INFO]: Saving and pausing game...
[21:10:18] [Server thread/INFO]: Saving chunks for level 'ServerLevel[MineWorld]'/minecraft:overworld
[21:10:18] [Server thread/INFO]: Saving chunks for level 'ServerLevel[MineWorld]'/minecraft:the_nether
[21:10:18] [Server thread/INFO]: Saving chunks for level 'ServerLevel[MineWorld]'/minecraft:the_end
[21:10:33] [Server thread/INFO]: Saving and pausing game...
[21:10:33] [Server thread/INFO]: Saving chunks for level 'ServerLevel[MineWorld]'/minecraft:overworld
[21:10:33] [Server thread/INFO]: Saving chunks for level 'ServerLevel[MineWorld]'/minecraft:the_nether
[21:10:33] [Server thread/INFO]: Saving chunks for level 'ServerLevel[MineWorld]'/minecraft:the_end
[21:10:37] [Render thread/INFO]: Flushed changes to Minecraft configuration
[21:10:38] [Render thread/WARN]: Unable to play empty soundEvent: minecraft:entity.salmon.ambient
[21:11:16] [Server thread/INFO]: Saving and pausing game...
[21:11:17] [Server thread/INFO]: Saving chunks for level 'ServerLevel[MineWorld]'/minecraft:overworld
[21:11:17] [Server thread/INFO]: Saving chunks for level 'ServerLevel[MineWorld]'/minecraft:the_nether
[21:11:17] [Server thread/INFO]: Saving chunks for level 'ServerLevel[MineWorld]'/minecraft:the_end
[21:11:43] [Server thread/INFO]: Saving and pausing game...
[21:11:43] [Server thread/INFO]: Saving chunks for level 'ServerLevel[MineWorld]'/minecraft:overworld
[21:11:43] [Server thread/INFO]: Saving chunks for level 'ServerLevel[MineWorld]'/minecraft:the_nether
[21:11:43] [Server thread/INFO]: Saving chunks for level 'ServerLevel[MineWorld]'/minecraft:the_end
[21:11:49] [Render thread/INFO]: Flushed changes to Minecraft configuration
[21:12:02] [Server thread/INFO]: Saving and pausing game...
[21:12:02] [Server thread/INFO]: Saving chunks for level 'ServerLevel[MineWorld]'/minecraft:overworld
[21:12:02] [Server thread/INFO]: Saving chunks for level 'ServerLevel[MineWorld]'/minecraft:the_nether
[21:12:02] [Server thread/INFO]: Saving chunks for level 'ServerLevel[MineWorld]'/minecraft:the_end
[21:12:09] [Render thread/INFO]: Flushed changes to Minecraft configuration
[21:12:09] [Render thread/INFO]: Stopping worker threads
[21:12:09] [Render thread/INFO]: Started 6 worker threads
[21:12:09] [Server thread/INFO]: Changing view distance to 12, from 10
[21:12:09] [Server thread/INFO]: Changing simulation distance to 6, from 5
[21:12:09] [Render thread/INFO]: Stopping worker threads
[21:12:09] [Render thread/INFO]: Started 6 worker threads
[21:12:23] [Server thread/INFO]: Saving and pausing game...
[21:12:23] [Server thread/INFO]: Saving chunks for level 'ServerLevel[MineWorld]'/minecraft:overworld
[21:12:23] [Server thread/INFO]: Saving chunks for level 'ServerLevel[MineWorld]'/minecraft:the_nether
[21:12:23] [Server thread/INFO]: Saving chunks for level 'ServerLevel[MineWorld]'/minecraft:the_end
[21:12:27] [Render thread/INFO]: Flushed changes to Minecraft configuration
[21:13:01] [Server thread/INFO]: Saving and pausing game...
[21:13:01] [Server thread/INFO]: Saving chunks for level 'ServerLevel[MineWorld]'/minecraft:overworld
[21:13:01] [Server thread/INFO]: Saving chunks for level 'ServerLevel[MineWorld]'/minecraft:the_nether
[21:13:01] [Server thread/INFO]: Saving chunks for level 'ServerLevel[MineWorld]'/minecraft:the_end
[21:13:08] [Render thread/INFO]: Flushed changes to Minecraft configuration
[21:13:14] [Render thread/INFO]: Flushed changes to Minecraft configuration
[21:13:14] [Render thread/INFO]: Stopping worker threads
[21:13:14] [Render thread/INFO]: Started 6 worker threads
[21:13:14] [Server thread/INFO]: Changing view distance to 14, from 12
[21:13:14] [Server thread/INFO]: Changing simulation distance to 7, from 6
[21:13:14] [Render thread/INFO]: Stopping worker threads
[21:13:14] [Render thread/INFO]: Started 6 worker threads
[21:13:33] [Server thread/INFO]: Saving and pausing game...
[21:13:33] [Server thread/INFO]: Saving chunks for level 'ServerLevel[MineWorld]'/minecraft:overworld
[21:13:33] [Server thread/INFO]: Saving chunks for level 'ServerLevel[MineWorld]'/minecraft:the_nether
[21:13:33] [Server thread/INFO]: Saving chunks for level 'ServerLevel[MineWorld]'/minecraft:the_end
[21:13:35] [Render thread/INFO]: Destroying pipeline minecraft:overworld
[21:13:35] [Render thread/INFO]: Shaders are disabled because enableShaders is set to false in iris.properties
[21:13:35] [Render thread/INFO]: Creating pipeline for dimension minecraft:overworld
[21:13:35] [Render thread/INFO]: [System] [CHAT] Shaders disabled!
[21:13:35] [Render thread/INFO]: Stopping worker threads
[21:13:35] [Render thread/INFO]: Started 6 worker threads
[21:13:50] [Server thread/INFO]: Saving and pausing game...
[21:13:50] [Server thread/INFO]: Saving chunks for level 'ServerLevel[MineWorld]'/minecraft:overworld
[21:13:50] [Server thread/INFO]: Saving chunks for level 'ServerLevel[MineWorld]'/minecraft:the_nether
[21:13:50] [Server thread/INFO]: Saving chunks for level 'ServerLevel[MineWorld]'/minecraft:the_end
[21:14:04] [Render thread/INFO]: Destroying pipeline minecraft:overworld
[21:14:04] [Render thread/INFO]: Profile: Custom (+22 options changed by user)
[21:14:05] [Render thread/INFO]: Using shaderpack: ComplementaryUnbound_r5.8.1.zip
[21:14:05] [Render thread/INFO]: Creating pipeline for dimension minecraft:overworld
[21:14:05] [Render thread/INFO]: [System] [CHAT] Toggled shaders to ComplementaryUnbound_r5.8.1.zip!
[21:14:05] [Render thread/INFO]: Stopping worker threads
[21:14:05] [Render thread/INFO]: Started 6 worker threads
[21:14:05] [Render thread/WARN]: Error while parsing the block ID map entry for "block.10104":
[21:14:05] [Render thread/WARN]: - The block minecraft:stone_slab has no property with the name variant, ignoring!
[21:14:06] [Render thread/INFO]: Stopping worker threads
[21:14:06] [Render thread/INFO]: Started 6 worker threads
[21:14:14] [Render thread/INFO]: [System] [CHAT] Respawn point set
[21:14:19] [Server thread/INFO]: Saving and pausing game...
[21:14:19] [Server thread/INFO]: Saving chunks for level 'ServerLevel[MineWorld]'/minecraft:overworld
[21:14:19] [Server thread/INFO]: Saving chunks for level 'ServerLevel[MineWorld]'/minecraft:the_nether
[21:14:19] [Server thread/INFO]: Saving chunks for level 'ServerLevel[MineWorld]'/minecraft:the_end
[21:14:27] [Server thread/INFO]: Saving and pausing game...
[21:14:27] [Server thread/INFO]: Saving chunks for level 'ServerLevel[MineWorld]'/minecraft:overworld
[21:14:27] [Server thread/INFO]: Saving chunks for level 'ServerLevel[MineWorld]'/minecraft:the_nether
[21:14:27] [Server thread/INFO]: Saving chunks for level 'ServerLevel[MineWorld]'/minecraft:the_end
[21:15:03] [Server thread/INFO]: Saving and pausing game...
[21:15:03] [Server thread/INFO]: Saving chunks for level 'ServerLevel[MineWorld]'/minecraft:overworld
[21:15:03] [Server thread/INFO]: Saving chunks for level 'ServerLevel[MineWorld]'/minecraft:the_nether
[21:15:03] [Server thread/INFO]: Saving chunks for level 'ServerLevel[MineWorld]'/minecraft:the_end
[21:15:05] [Render thread/INFO]: Destroying pipeline minecraft:overworld
[21:15:05] [Render thread/INFO]: Shaders are disabled because enableShaders is set to false in iris.properties
[21:15:05] [Render thread/INFO]: Creating pipeline for dimension minecraft:overworld
[21:15:05] [Render thread/INFO]: [System] [CHAT] Shaders disabled!
[21:15:05] [Render thread/INFO]: Stopping worker threads
[21:15:05] [Render thread/INFO]: Started 6 worker threads
[21:15:05] [Server thread/INFO]: Saving and pausing game...
[21:15:05] [Server thread/INFO]: Saving chunks for level 'ServerLevel[MineWorld]'/minecraft:overworld
[21:15:05] [Server thread/INFO]: Saving chunks for level 'ServerLevel[MineWorld]'/minecraft:the_nether
[21:15:05] [Server thread/INFO]: Saving chunks for level 'ServerLevel[MineWorld]'/minecraft:the_end
[21:15:06] [Server thread/INFO]: TricQ lost connection: Disconnected
[21:15:06] [Server thread/INFO]: TricQ left the game
[21:15:06] [Server thread/INFO]: Stopping singleplayer server as player logged out
[21:15:06] [Server thread/INFO]: Stopping server
[21:15:06] [Server thread/INFO]: Saving players
[21:15:06] [Server thread/INFO]: Saving worlds
[21:15:06] [Server thread/INFO]: Saving chunks for level 'ServerLevel[MineWorld]'/minecraft:overworld
[21:15:06] [Server thread/INFO]: Saving chunks for level 'ServerLevel[MineWorld]'/minecraft:the_nether
[21:15:06] [Server thread/INFO]: Saving chunks for level 'ServerLevel[MineWorld]'/minecraft:the_end
[21:15:06] [Server thread/INFO]: ThreadedAnvilChunkStorage (world): All chunks are saved
[21:15:06] [Server thread/INFO]: ThreadedAnvilChunkStorage (DIM-1): All chunks are saved
[21:15:06] [Server thread/INFO]: ThreadedAnvilChunkStorage (DIM1): All chunks are saved
[21:15:06] [Server thread/INFO]: ThreadedAnvilChunkStorage: All dimensions are saved
[21:15:07] [Render thread/INFO]: Stopping worker threads
[21:15:07] [Render thread/INFO]: Stopping!
